
> client@0.1.0 build
> next build

npm : ΓÜá Warning: 
Next.js inferred your 
workspace root, but it 
may not be correct.
At line:1 char:1
+ npm run build > 
build_output.txt 2>&1
+ ~~~~~~~~~~~~~~~~~~~~~~~~
~~~~~~~~~~~~~
    + CategoryInfo        
      : NotSpecified: (Γ  
  Üá Warning: Ne...not    
 be correct.:String) [    
], RemoteException
    + FullyQualifiedError 
   Id : NativeCommandErr  
  or
 
 We detected multiple 
lockfiles and selected 
the directory of C:\Users\
Thahe\package-lock.json 
as the root directory.
 To silence this warning, 
set `turbopack.root` in 
your Next.js config, or 
consider removing one of 
the lockfiles if it's not 
needed.
   See https://nextjs.org/
docs/app/api-reference/con
fig/next-config-js/turbopa
ck#root-directory for 
more information.
 Detected additional 
lockfiles: 
   * C:\Users\Thahe\Docume
nts\GitHub\digital-marketi
ng-agency\client\package-l
ock.json

Γû▓ Next.js 16.2.1 (Turbopack)

  Creating an optimized production build ...

> Build error occurred
Error: Turbopack build 
failed with 4 errors:
./Documents/GitHub/digital
-marketing-agency/client/s
rc/app/portal/login/page.t
sx:6:1
Export Chrome doesn't 
exist in target module
  [90m4 |[0m 
...[36mom[0m 
[32m'react'[0m;
  [90m5 |[0m 
...[32m/link'[0m;
[31m[1m>[0m [90m6 
|[0m ...[33mye[0m, 
[33mEyeOff[0m, 
[33mShieldCheck[0m, 
[33mTrendingUp[0m, 
[33mFileText[0m, 
[33mMessageSquare[0m, 
[33mArrowRight[0m, 
[33mGithub[0m, 
[33mChrome[0m...
  [90m  |[0m    [31m[1
m^^^^^^^^^^^^^^^^^^^^^^^^^
^^^^^^^^^^^^^^^^^^^^^^^^^^
^^^^^^^^^^^^^^^^^^^^^^^^^^
^^^^^^^^^^^^^^[0m
  [90m7 |[0m ...[32mpag
e.module.css'[0m;
  [90m8 |[0m ... [32m'@
/components/common/Button/
Button'[0m;
  [90m9 |[0m 
...[36mn[0m [33mClientL
oginPage[0m() {

The export Chrome was not 
found in module [project]/
Documents/GitHub/digital-m
arketing-agency/client/nod
e_modules/lucide-react/dis
t/esm/lucide-react.js 
[app-client] (ecmascript).
Did you mean to import 
ChartColumnDecreasing?
All exports of the module 
are statically known (It 
doesn't have dynamic 
exports). So it's known 
statically that the 
requested export doesn't 
exist.

Import traces:
  Client Component 
Browser:
    ./Documents/GitHub/dig
ital-marketing-agency/clie
nt/src/app/portal/login/pa
ge.tsx [Client Component 
Browser]
    ./Documents/GitHub/dig
ital-marketing-agency/clie
nt/src/app/portal/login/pa
ge.tsx [Server Component]

  Client Component SSR:
    ./Documents/GitHub/dig
ital-marketing-agency/clie
nt/src/app/portal/login/pa
ge.tsx [Client Component 
SSR]
    ./Documents/GitHub/dig
ital-marketing-agency/clie
nt/src/app/portal/login/pa
ge.tsx [Server Component]


./Documents/GitHub/digital
-marketing-agency/client/s
rc/app/portal/login/page.t
sx:5:1
Export Chrome doesn't 
exist in target module
  [90m 3 |[0m 
[36mimport[0m { 
useState } [36mfrom[0m 
[32m'react'[0m;
  [90m 4 |[0m 
[36mimport[0m 
[33mLink[0m 
[36mfrom[0m 
[32m'next/link'[0m;
[31m[1m>[0m [90m 5 
|[0m [36mimport[0m { 
  [90m   |[0m 
[31m[1m^^^^^^^^[0m
[31m[1m>[0m [90m 6 
|[0m   [33mMail[0m, 
  [90m   |[0m 
[31m[1m^^^^^^^^[0m
[31m[1m>[0m [90m 7 
|[0m   [33mLock[0m, 
  [90m   |[0m 
[31m[1m^^^^^^^^[0m
[31m[1m>[0m [90m 8 
|[0m   [33mEye[0m, 
  [90m   |[0m 
[31m[1m^^^^^^^[0m
[31m[1m>[0m [90m 9 
|[0m   [33mEyeOff[0m, 
  [90m   |[0m 
[31m[1m^^^^^^^^^^[0m
[31m[1m>[0m [90m10 
|[0m   
[33mShieldCheck[0m, 
  [90m   |[0m [31m[1m^
^^^^^^^^^^^^^^[0m
[31m[1m>[0m [90m11 
|[0m   
[33mTrendingUp[0m, 
  [90m   |[0m [31m[1m^
^^^^^^^^^^^^^[0m
[31m[1m>[0m [90m12 
|[0m   
[33mFileText[0m, 
  [90m   |[0m 
[31m[1m^^^^^^^^^^^^[0m
[31m[1m>[0m [90m13 
|[0m   
[33mMessageSquare[0m,
  [90m   |[0m [31m[1m^
^^^^^^^^^^^^^^^[0m
[31m[1m>[0m [90m14 
|[0m   
[33mArrowRight[0m,
  [90m   |[0m 
[31m[1m^^^^^^^^^^^^^[0m
[31m[1m>[0m [90m15 
|[0m   [33mGithub[0m,
  [90m   |[0m 
[31m[1m^^^^^^^^^[0m
[31m[1m>[0m [90m16 
|[0m   [33mChrome[0m
  [90m   |[0m 
[31m[1m^^^^^^^^[0m
[31m[1m>[0m [90m17 
|[0m } [36mfrom[0m 
[32m'lucide-react'[0m;
  [90m   |[0m [31m[1m^
^^^^^^^^^^^^^^^^^^^^^[0m
  [90m18 |[0m 
[36mimport[0m styles 
[36mfrom[0m [32m'./page
.module.css'[0m;
  [90m19 |[0m 
[36mimport[0m { 
[33mButton[0m } 
[36mfrom[0m [32m'@/comp
onents/common/Button/Butto
n'[0m;
  [90m20 |[0m

The export Chrome was not 
found in module [project]/
Documents/GitHub/digital-m
arketing-agency/client/nod
e_modules/lucide-react/dis
t/esm/lucide-react.js 
[app-ssr] (ecmascript).
Did you mean to import 
ChartColumnDecreasing?
All exports of the module 
are statically known (It 
doesn't have dynamic 
exports). So it's known 
statically that the 
requested export doesn't 
exist.

Import traces:
  Client Component 
Browser:
    ./Documents/GitHub/dig
ital-marketing-agency/clie
nt/src/app/portal/login/pa
ge.tsx [Client Component 
Browser]
    ./Documents/GitHub/dig
ital-marketing-agency/clie
nt/src/app/portal/login/pa
ge.tsx [Server Component]

  Client Component SSR:
    ./Documents/GitHub/dig
ital-marketing-agency/clie
nt/src/app/portal/login/pa
ge.tsx [Client Component 
SSR]
    ./Documents/GitHub/dig
ital-marketing-agency/clie
nt/src/app/portal/login/pa
ge.tsx [Server Component]


./Documents/GitHub/digital
-marketing-agency/client/s
rc/app/portal/login/page.t
sx:6:1
Export Github doesn't 
exist in target module
  [90m4 |[0m 
...[36mom[0m 
[32m'react'[0m;
  [90m5 |[0m 
...[32m/link'[0m;
[31m[1m>[0m [90m6 
|[0m ...[33mye[0m, 
[33mEyeOff[0m, 
[33mShieldCheck[0m, 
[33mTrendingUp[0m, 
[33mFileText[0m, 
[33mMessageSquare[0m, 
[33mArrowRight[0m, 
[33mGithub[0m, 
[33mChrome[0m...
  [90m  |[0m    [31m[1
m^^^^^^^^^^^^^^^^^^^^^^^^^
^^^^^^^^^^^^^^^^^^^^^^^^^^
^^^^^^^^^^^^^^^^^^^^^^^^^^
^^^^^^^^^^^^^^[0m
  [90m7 |[0m ...[32mpag
e.module.css'[0m;
  [90m8 |[0m ... [32m'@
/components/common/Button/
Button'[0m;
  [90m9 |[0m 
...[36mn[0m [33mClientL
oginPage[0m() {

The export Github was not 
found in module [project]/
Documents/GitHub/digital-m
arketing-agency/client/nod
e_modules/lucide-react/dis
t/esm/lucide-react.js 
[app-client] (ecmascript).
Did you mean to import 
Gift?
All exports of the module 
are statically known (It 
doesn't have dynamic 
exports). So it's known 
statically that the 
requested export doesn't 
exist.

Import traces:
  Client Component 
Browser:
    ./Documents/GitHub/dig
ital-marketing-agency/clie
nt/src/app/portal/login/pa
ge.tsx [Client Component 
Browser]
    ./Documents/GitHub/dig
ital-marketing-agency/clie
nt/src/app/portal/login/pa
ge.tsx [Server Component]

  Client Component SSR:
    ./Documents/GitHub/dig
ital-marketing-agency/clie
nt/src/app/portal/login/pa
ge.tsx [Client Component 
SSR]
    ./Documents/GitHub/dig
ital-marketing-agency/clie
nt/src/app/portal/login/pa
ge.tsx [Server Component]


./Documents/GitHub/digital
-marketing-agency/client/s
rc/app/portal/login/page.t
sx:5:1
Export Github doesn't 
exist in target module
  [90m 3 |[0m 
[36mimport[0m { 
useState } [36mfrom[0m 
[32m'react'[0m;
  [90m 4 |[0m 
[36mimport[0m 
[33mLink[0m 
[36mfrom[0m 
[32m'next/link'[0m;
[31m[1m>[0m [90m 5 
|[0m [36mimport[0m { 
  [90m   |[0m 
[31m[1m^^^^^^^^[0m
[31m[1m>[0m [90m 6 
|[0m   [33mMail[0m, 
  [90m   |[0m 
[31m[1m^^^^^^^^[0m
[31m[1m>[0m [90m 7 
|[0m   [33mLock[0m, 
  [90m   |[0m 
[31m[1m^^^^^^^^[0m
[31m[1m>[0m [90m 8 
|[0m   [33mEye[0m, 
  [90m   |[0m 
[31m[1m^^^^^^^[0m
[31m[1m>[0m [90m 9 
|[0m   [33mEyeOff[0m, 
  [90m   |[0m 
[31m[1m^^^^^^^^^^[0m
[31m[1m>[0m [90m10 
|[0m   
[33mShieldCheck[0m, 
  [90m   |[0m [31m[1m^
^^^^^^^^^^^^^^[0m
[31m[1m>[0m [90m11 
|[0m   
[33mTrendingUp[0m, 
  [90m   |[0m [31m[1m^
^^^^^^^^^^^^^[0m
[31m[1m>[0m [90m12 
|[0m   
[33mFileText[0m, 
  [90m   |[0m 
[31m[1m^^^^^^^^^^^^[0m
[31m[1m>[0m [90m13 
|[0m   
[33mMessageSquare[0m,
  [90m   |[0m [31m[1m^
^^^^^^^^^^^^^^^[0m
[31m[1m>[0m [90m14 
|[0m   
[33mArrowRight[0m,
  [90m   |[0m 
[31m[1m^^^^^^^^^^^^^[0m
[31m[1m>[0m [90m15 
|[0m   [33mGithub[0m,
  [90m   |[0m 
[31m[1m^^^^^^^^^[0m
[31m[1m>[0m [90m16 
|[0m   [33mChrome[0m
  [90m   |[0m 
[31m[1m^^^^^^^^[0m
[31m[1m>[0m [90m17 
|[0m } [36mfrom[0m 
[32m'lucide-react'[0m;
  [90m   |[0m [31m[1m^
^^^^^^^^^^^^^^^^^^^^^[0m
  [90m18 |[0m 
[36mimport[0m styles 
[36mfrom[0m [32m'./page
.module.css'[0m;
  [90m19 |[0m 
[36mimport[0m { 
[33mButton[0m } 
[36mfrom[0m [32m'@/comp
onents/common/Button/Butto
n'[0m;
  [90m20 |[0m

The export Github was not 
found in module [project]/
Documents/GitHub/digital-m
arketing-agency/client/nod
e_modules/lucide-react/dis
t/esm/lucide-react.js 
[app-ssr] (ecmascript).
Did you mean to import 
Gift?
All exports of the module 
are statically known (It 
doesn't have dynamic 
exports). So it's known 
statically that the 
requested export doesn't 
exist.

Import traces:
  Client Component 
Browser:
    ./Documents/GitHub/dig
ital-marketing-agency/clie
nt/src/app/portal/login/pa
ge.tsx [Client Component 
Browser]
    ./Documents/GitHub/dig
ital-marketing-agency/clie
nt/src/app/portal/login/pa
ge.tsx [Server Component]

  Client Component SSR:
    ./Documents/GitHub/dig
ital-marketing-agency/clie
nt/src/app/portal/login/pa
ge.tsx [Client Component 
SSR]
    ./Documents/GitHub/dig
ital-marketing-agency/clie
nt/src/app/portal/login/pa
ge.tsx [Server Component]


    at <unknown> (./Docume
nts/GitHub/digital-marketi
ng-agency/client/src/app/p
ortal/login/page.tsx:6:1)
    at <unknown> (./Docume
nts/GitHub/digital-marketi
ng-agency/client/src/app/p
ortal/login/page.tsx:5:1)
    at <unknown> (./Docume
nts/GitHub/digital-marketi
ng-agency/client/src/app/p
ortal/login/page.tsx:6:1)
    at <unknown> (./Docume
nts/GitHub/digital-marketi
ng-agency/client/src/app/p
ortal/login/page.tsx:5:1)
